=== Hoodi Replay Wrapper ===
  Pool:       0x52e63C13981A90D58bc8A16A24a48896a3E8A276
  Holder:     0xC61D7D631Ea17E6578A8B3c6973aa7300fd17813
  RPC:        https://rpc.hoodi.ethpandaops.io
  Days:       25 → 516  (chunk 25)

>>> Pre-replay PMM snapshot:
  baseBalance  = 209914000000000000000000 [2.099e23]
  quoteBalance = 191173324048535102615588 [1.911e23]
  midPrice     = 994996572765136913 [9.949e17]

>>> Chunk: days 25 – 49 (25 days)
  broadcast complete: 50 swaps queued, collecting receipts...
Chunk complete: 25 days, 50 swaps
Ledger saved to: /mnt/c/Users/Lenovo/Desktop/Skripsi/Code/goro-trading-data/PropT-Blockhain/goro data/hoodi_token_20_chunk_025.json
Gas spent (wei): 9216966497831232
  Chunk gas (wei): 9216966497831232  |  Running total: 9216966497831232
>>> PMM state after chunk:
  baseBalance  = 198147000000000000000000 [1.981e23]
  quoteBalance = 204012882927341000139445 [2.04e23]
  midPrice     = 1001494004610822704 [1.001e18]

>>> Chunk: days 50 – 74 (25 days)
  broadcast complete: 50 swaps queued, collecting receipts...
Chunk complete: 25 days, 50 swaps
Ledger saved to: /mnt/c/Users/Lenovo/Desktop/Skripsi/Code/goro-trading-data/PropT-Blockhain/goro data/hoodi_token_20_chunk_050.json
Gas spent (wei): 9541350852984250
  Chunk gas (wei): 9541350852984250  |  Running total: 18758317350815482
>>> PMM state after chunk:
  baseBalance  = 198254000000000000000000 [1.982e23]
  quoteBalance = 204793576775349877758603 [2.047e23]
  midPrice     = 1001665567904109977 [1.001e18]

>>> Chunk: days 75 – 99 (25 days)
  broadcast complete: 50 swaps queued, collecting receipts...
Chunk complete: 25 days, 50 swaps
Ledger saved to: /mnt/c/Users/Lenovo/Desktop/Skripsi/Code/goro-trading-data/PropT-Blockhain/goro data/hoodi_token_20_chunk_075.json
Gas spent (wei): 9633843685102658
  Chunk gas (wei): 9633843685102658  |  Running total: 28392161035918140
>>> PMM state after chunk:
  baseBalance  = 205245000000000000000000 [2.052e23]
  quoteBalance = 198639515992761121541067 [1.986e23]
  midPrice     = 998321422928823023 [9.983e17]

>>> Chunk: days 100 – 124 (25 days)
  broadcast complete: 50 swaps queued, collecting receipts...
Chunk complete: 25 days, 50 swaps
Ledger saved to: /mnt/c/Users/Lenovo/Desktop/Skripsi/Code/goro-trading-data/PropT-Blockhain/goro data/hoodi_token_20_chunk_100.json
Gas spent (wei): 8780688602167626
  Chunk gas (wei): 8780688602167626  |  Running total: 37172849638085766
>>> PMM state after chunk:
  baseBalance  = 228856000000000000000000 [2.288e23]
  quoteBalance = 176329186923737895701713 [1.763e23]
  midPrice     = 984267367836036040 [9.842e17]

>>> Chunk: days 125 – 149 (25 days)
  broadcast complete: 50 swaps queued, collecting receipts...
Chunk complete: 25 days, 50 swaps
Ledger saved to: /mnt/c/Users/Lenovo/Desktop/Skripsi/Code/goro-trading-data/PropT-Blockhain/goro data/hoodi_token_20_chunk_125.json
Gas spent (wei): 9146271910898080
  Chunk gas (wei): 9146271910898080  |  Running total: 46319121548983846
>>> PMM state after chunk:
  baseBalance  = 197942000000000000000000 [1.979e23]
  quoteBalance = 207916631095361175368985 [2.079e23]
  midPrice     = 1002555866660094068 [1.002e18]

>>> Chunk: days 150 – 174 (25 days)
  broadcast complete: 50 swaps queued, collecting receipts...
Chunk complete: 25 days, 50 swaps
Ledger saved to: /mnt/c/Users/Lenovo/Desktop/Skripsi/Code/goro-trading-data/PropT-Blockhain/goro data/hoodi_token_20_chunk_150.json
Gas spent (wei): 9337543866078029
  Chunk gas (wei): 9337543866078029  |  Running total: 55656665415061875
>>> PMM state after chunk:
  baseBalance  = 197942000000000000000000 [1.979e23]
  quoteBalance = 208329816913723352216133 [2.083e23]
  midPrice     = 1002662694399587511 [1.002e18]

>>> Chunk: days 175 – 199 (25 days)
  broadcast complete: 50 swaps queued, collecting receipts...
Chunk complete: 25 days, 50 swaps
Ledger saved to: /mnt/c/Users/Lenovo/Desktop/Skripsi/Code/goro-trading-data/PropT-Blockhain/goro data/hoodi_token_20_chunk_175.json
Gas spent (wei): 8948949667767424
  Chunk gas (wei): 8948949667767424  |  Running total: 64605615082829299
>>> PMM state after chunk:
  baseBalance  = 214057000000000000000000 [2.14e23]
  quoteBalance = 192770684544043301685648 [1.927e23]
  midPrice     = 994350949539227646 [9.943e17]

>>> Chunk: days 200 – 224 (25 days)
  broadcast complete: 50 swaps queued, collecting receipts...
Chunk complete: 25 days, 50 swaps
Ledger saved to: /mnt/c/Users/Lenovo/Desktop/Skripsi/Code/goro-trading-data/PropT-Blockhain/goro data/hoodi_token_20_chunk_200.json
Gas spent (wei): 8742104219973285
  Chunk gas (wei): 8742104219973285  |  Running total: 73347719302802584
>>> PMM state after chunk:
  baseBalance  = 226801000000000000000000 [2.268e23]
  quoteBalance = 180911630081257728358846 [1.809e23]
  midPrice     = 986700908031294689 [9.867e17]

>>> Chunk: days 225 – 249 (25 days)
  broadcast complete: 50 swaps queued, collecting receipts...
Chunk complete: 25 days, 50 swaps
Ledger saved to: /mnt/c/Users/Lenovo/Desktop/Skripsi/Code/goro-trading-data/PropT-Blockhain/goro data/hoodi_token_20_chunk_225.json
Gas spent (wei): 9735362194872776
  Chunk gas (wei): 9735362194872776  |  Running total: 83083081497675360
>>> PMM state after chunk:
  baseBalance  = 199058000000000000000000 [1.99e23]
  quoteBalance = 209220957891017695215900 [2.092e23]
  midPrice     = 1002589423369372266 [1.002e18]

>>> Chunk: days 250 – 274 (25 days)
  broadcast complete: 50 swaps queued, collecting receipts...
Chunk complete: 25 days, 50 swaps
Ledger saved to: /mnt/c/Users/Lenovo/Desktop/Skripsi/Code/goro-trading-data/PropT-Blockhain/goro data/hoodi_token_20_chunk_250.json
Gas spent (wei): 8946930442683310
  Chunk gas (wei): 8946930442683310  |  Running total: 92030011940358670
>>> PMM state after chunk:
  baseBalance  = 206203000000000000000000 [2.062e23]
  quoteBalance = 202644965569196499800948 [2.026e23]
  midPrice     = 999115893371405189 [9.991e17]

>>> Chunk: days 275 – 299 (25 days)
  broadcast complete: 50 swaps queued, collecting receipts...
Chunk complete: 25 days, 50 swaps
Ledger saved to: /mnt/c/Users/Lenovo/Desktop/Skripsi/Code/goro-trading-data/PropT-Blockhain/goro data/hoodi_token_20_chunk_275.json
Gas spent (wei): 9288154570002044
  Chunk gas (wei): 9288154570002044  |  Running total: 101318166510360714
>>> PMM state after chunk:
  baseBalance  = 197942000000000000000000 [1.979e23]
  quoteBalance = 211368936780808731121259 [2.113e23]
  midPrice     = 1003453406827535601 [1.003e18]

>>> Chunk: days 300 – 324 (25 days)
  broadcast complete: 50 swaps queued, collecting receipts...
Chunk complete: 25 days, 50 swaps
Ledger saved to: /mnt/c/Users/Lenovo/Desktop/Skripsi/Code/goro-trading-data/PropT-Blockhain/goro data/hoodi_token_20_chunk_300.json
Gas spent (wei): 9022383998816325
  Chunk gas (wei): 9022383998816325  |  Running total: 110340550509177039
>>> PMM state after chunk:
  baseBalance  = 197942000000000000000000 [1.979e23]
  quoteBalance = 212091694884351861207293 [2.12e23]
  midPrice     = 1003641921496009656 [1.003e18]

>>> Chunk: days 325 – 349 (25 days)
  broadcast complete: 50 swaps queued, collecting receipts...
Chunk complete: 25 days, 50 swaps
Ledger saved to: /mnt/c/Users/Lenovo/Desktop/Skripsi/Code/goro-trading-data/PropT-Blockhain/goro data/hoodi_token_20_chunk_325.json
Gas spent (wei): 9696840080145372
  Chunk gas (wei): 9696840080145372  |  Running total: 120037390589322411
>>> PMM state after chunk:
  baseBalance  = 197942000000000000000000 [1.979e23]
  quoteBalance = 213258306380288598242428 [2.132e23]
  midPrice     = 1003946911851645056 [1.003e18]

>>> Chunk: days 350 – 374 (25 days)
  broadcast complete: 50 swaps queued, collecting receipts...
Chunk complete: 25 days, 50 swaps
Ledger saved to: /mnt/c/Users/Lenovo/Desktop/Skripsi/Code/goro-trading-data/PropT-Blockhain/goro data/hoodi_token_20_chunk_350.json
Gas spent (wei): 8851068347797764
  Chunk gas (wei): 8851068347797764  |  Running total: 128888458937120175
>>> PMM state after chunk:
  baseBalance  = 198163000000000000000000 [1.981e23]
  quoteBalance = 213997828425933464698706 [2.139e23]
  midPrice     = 1004078033462320979 [1.004e18]

>>> Chunk: days 375 – 399 (25 days)
  broadcast complete: 50 swaps queued, collecting receipts...
Chunk complete: 25 days, 50 swaps
Ledger saved to: /mnt/c/Users/Lenovo/Desktop/Skripsi/Code/goro-trading-data/PropT-Blockhain/goro data/hoodi_token_20_chunk_375.json
Gas spent (wei): 9540296151068565
  Chunk gas (wei): 9540296151068565  |  Running total: 138428755088188740
>>> PMM state after chunk:
  baseBalance  = 205930000000000000000000 [2.059e23]
  quoteBalance = 207035978307802730545767 [2.07e23]
  midPrice     = 1000265997637410580 [1e18]

>>> Chunk: days 400 – 424 (25 days)
  broadcast complete: 50 swaps queued, collecting receipts...
Chunk complete: 25 days, 50 swaps
Ledger saved to: /mnt/c/Users/Lenovo/Desktop/Skripsi/Code/goro-trading-data/PropT-Blockhain/goro data/hoodi_token_20_chunk_400.json
Gas spent (wei): 9977868801066732
  Chunk gas (wei): 9977868801066732  |  Running total: 148406623889255472
>>> PMM state after chunk:
  baseBalance  = 215674000000000000000000 [2.156e23]
  quoteBalance = 198326441138190483178828 [1.983e23]
  midPrice     = 995540530432482067 [9.955e17]

>>> Chunk: days 425 – 449 (25 days)
  broadcast complete: 50 swaps queued, collecting receipts...
Chunk complete: 25 days, 50 swaps
Ledger saved to: /mnt/c/Users/Lenovo/Desktop/Skripsi/Code/goro-trading-data/PropT-Blockhain/goro data/hoodi_token_20_chunk_425.json
Gas spent (wei): 9841738206307200
  Chunk gas (wei): 9841738206307200  |  Running total: 158248362095562672
>>> PMM state after chunk:
  baseBalance  = 197942000000000000000000 [1.979e23]
  quoteBalance = 216751179736604448921963 [2.167e23]
  midPrice     = 1004866643848130130 [1.004e18]

>>> Chunk: days 450 – 474 (25 days)
  broadcast complete: 50 swaps queued, collecting receipts...
Chunk complete: 25 days, 50 swaps
Ledger saved to: /mnt/c/Users/Lenovo/Desktop/Skripsi/Code/goro-trading-data/PropT-Blockhain/goro data/hoodi_token_20_chunk_450.json
Gas spent (wei): 8956701768841254
  Chunk gas (wei): 8956701768841254  |  Running total: 167205063864403926
>>> PMM state after chunk:
  baseBalance  = 201150000000000000000000 [2.011e23]
  quoteBalance = 214314033667774127900616 [2.143e23]
  midPrice     = 1003326932505547874 [1.003e18]

>>> Chunk: days 475 – 499 (25 days)
  broadcast complete: 50 swaps queued, collecting receipts...
Chunk complete: 25 days, 50 swaps
Ledger saved to: /mnt/c/Users/Lenovo/Desktop/Skripsi/Code/goro-trading-data/PropT-Blockhain/goro data/hoodi_token_20_chunk_475.json
Gas spent (wei): 8656218583686030
  Chunk gas (wei): 8656218583686030  |  Running total: 175861282448089956
>>> PMM state after chunk:
  baseBalance  = 222114000000000000000000 [2.221e23]
  quoteBalance = 193914235422124150590780 [1.939e23]
  midPrice     = 992510779700842883 [9.925e17]

>>> Chunk: days 500 – 516 (17 days)
  broadcast complete: 34 swaps queued, collecting receipts...
Chunk complete: 17 days, 34 swaps
Ledger saved to: /mnt/c/Users/Lenovo/Desktop/Skripsi/Code/goro-trading-data/PropT-Blockhain/goro data/hoodi_token_20_chunk_500.json
Gas spent (wei): 6654844157702884
  Chunk gas (wei): 6654844157702884  |  Running total: 182516126605792840

=== Replay complete: days 25–516 ===
Total gas spent (wei): 182516126605792840

>>> Final PMM snapshot:
  baseBalance  = 217012000000000000000000 [2.17e23]
  quoteBalance = 199173832102077954701402 [1.991e23]
  midPrice     = 995431608301519187 [9.954e17]
